[backblue.gif]
[fade.gif]
[index.html]
[strml.net/ico/favicon-32x32.png]
[strml.net/ico/favicon-96x96.png]
[strml.net/ico/favicon-16x16.png]
[strml.net/ico/favicon.ico]
[strml.net/dist/app.js]
[www.google-analytics.com/analytics.js]
[strml.net/index.html]
[strml.net/dist/app.js]
[github.com/STRML/strml.net/blob/master/app.html]
[github.com/fluidicon.png]
[github.com/apple-touch-icon-114.png]
[github.com/apple-touch-icon-144.png]
[github.com/windows-tile.png]
[assets-cdn.github.com/assets/github/index-6967b378b26829cc5a2ea2ad4209ff0af50f2a65057962219dc9dcf8942683f0.css]
[assets-cdn.github.com/assets/github2/index-73bfe123ff406f4bf8959a28667410beaac1485e71c92d4725a3d7afc45fc4c5.css]
[github.com/logine5e7.html]
[assets-cdn.github.com/assets/spinners/octocat-spinner-32-e513294efa576953719e4e2de888dd9cf929b7d62ed8d05f25e731d02452ab6c.gif]
[github.com/STRML/strml.net/blob/b14467731f55f16bf77cc20afdfccdf393e746c5/app.html]
[raw.githubusercontent.com/STRML/strml.net/master/app.js]
[github.com/STRML/strml.net/blame/master/app.html]
[github.com/STRML/strml.net/commits/master/app.html]
[github.com/STRML/strml.net/blob/master/app.html]
[assets-cdn.github.com/images/spinners/Jcrop.gif]
[assets-cdn.github.com/images/spinners/octocat-spinner-64.gif]
[assets-cdn.github.com/images/spinners/octocat-spinner-128.gif]
[assets-cdn.github.com/images/spinners/octocat-spinner-32.gif]
[assets-cdn.github.com/images/modules/ajax/success.png]
[assets-cdn.github.com/images/modules/ajax/error.png]
[assets-cdn.github.com/images/modules/pricing/credit-cards-@1x.png]
[assets-cdn.github.com/images/modules/pricing/credit-cards-@2x.png]
[assets-cdn.github.com/assets/frameworks-447ce66a36506ebddc8e84b4e32a77f6062f3d3482e77dd21a77a01f0643ad98.js]
[assets-cdn.github.com/assets/github/index-273626d05f0daba1adb856ea6f9d82ff151f8b9f23a21044a761d2e2f843b354.js]
[assets-cdn.github.com/images/spinners/octocat-spinner-32-EAF2F5.gif]
[assets-cdn.github.com/images/spinners/octocat-spinner-16px-EAF2F5.gif]
[assets-cdn.github.com/images/icons/ie-notice.png]
[assets-cdn.github.com/images/modules/dashboard/bootcamp/octocat_setup.png]
[assets-cdn.github.com/images/modules/dashboard/bootcamp/octocat_repo.png]
[assets-cdn.github.com/images/modules/dashboard/bootcamp/octocat_fork.png]
[assets-cdn.github.com/images/modules/dashboard/bootcamp/octocat_collabocats.png]
[assets-cdn.github.com/images/modules/jobs/logo.png]
[assets-cdn.github.com/images/modules/home/octicons-bg.png]
[assets-cdn.github.com/images/spinners/octocat-spinner-16px.gif]
[assets-cdn.github.com/images/modules/microsoft_callout/azure_bg.png]
[assets-cdn.github.com/assets/github/index-6967b378b26829cc5a2ea2ad4209ff0af50f2a65057962219dc9dcf8942683f0.css]
[assets-cdn.github.com/images/modules/integrations/circuits@2x.png]
[assets-cdn.github.com/images/modules/integrations/circuits-animated.gif]
[assets-cdn.github.com/images/modules/integrations/circuits-animated-flipped.gif]
[assets-cdn.github.com/images/modules/integrations/circuits-flipped@2x.png]
[assets-cdn.github.com/images/modules/integrations/logos/asana@2x.png]
[assets-cdn.github.com/images/modules/integrations/logos/pivotaltracker@2x.png]
[assets-cdn.github.com/images/modules/integrations/logos/zendesk@2x.png]
[assets-cdn.github.com/images/modules/pagehead/background-yellowhatch-v3.png]
[assets-cdn.github.com/images/modules/about/about-header.jpg]
[assets-cdn.github.com/images/modules/about/team-header.jpg]
[assets-cdn.github.com/images/modules/about/press-header.jpg]
[assets-cdn.github.com/images/modules/about/jobs-header.jpg]
[assets-cdn.github.com/images/icons/twitter.png]
[assets-cdn.github.com/images/modules/commit/trans_bg.gif]
[assets-cdn.github.com/images/modules/comments/closed_pattern.gif]
[assets-cdn.github.com/images/modules/orgs/dots-bg.png]
[assets-cdn.github.com/images/modules/settings/2fa_guide.png]
[assets-cdn.github.com/images/modules/settings/2fa_guide@2x.png]
[assets-cdn.github.com/assets/github2/index-73bfe123ff406f4bf8959a28667410beaac1485e71c92d4725a3d7afc45fc4c5.css]
[github.com/opensearch.xml]
[assets-cdn.github.com/images/modules/open_graph/github-logo.png]
[assets-cdn.github.com/images/modules/open_graph/github-mark.png]
[assets-cdn.github.com/images/modules/open_graph/github-octocat.png]
[github.com/join.html]
[github.com/explore.html]
[github.com/features.html]
[github.com/blog.html]
[github.com/password_reset.html]
[github.com/about.html]
[github.com/logine5e7.html]
[github.com/contact.html]
[github.com/loginb357.html]
[raw.githubusercontent.com/STRML/strml.net/b14467731f55f16bf77cc20afdfccdf393e746c5/app.js]
[github.com/STRML/strml.net/blob/b14467731f55f16bf77cc20afdfccdf393e746c5/app.html]
[github.com/STRML/strml.net/commits/b14467731f55f16bf77cc20afdfccdf393e746c5/app.html]
[github.com/STRML/strml.net/blame/b14467731f55f16bf77cc20afdfccdf393e746c5/app.html]
[github.com/STRML/strml.net/blob/master/raw!/prestyles.4e.delayed]
[raw.githubusercontent.com/STRML/strml.net/master/app.js]
[github.com/STRML/strml.net/blame/master/app.html]
[github.com/logincfaf.html]
[github.com/logind353.html]
[github.com/STRML/strml.net/commits/master/appb4b2.html]
[github.com/STRML/strml.net/blob/15d93ad3ee92acb186a46baf6adff0188a13d6ab/app.html]
[github.com/STRML/strml.net/blob/4219b3971106fc819afd5708fb4fe27ccf934c15/app.html]
[github.com/STRML/strml.net/blob/0552d89a0cf07654fcd323792288156b20e512a7/app.html]
[github.com/STRML/strml.net/blob/50b1cf37dfaffebaafe00e2417a2d4e32da732d2/app.html]
[github.com/STRML/strml.net/blob/7250fd48517e9b654f36985bd1a29211e1c9d371/app.html]
[github.com/STRML/strml.net/blob/9004795f35f41b6cda061a643cc0ef32dee281b9/app.html]
[github.com/STRML/strml.net/blob/3f1a7b2aaa6181270b951ce31b277564e4eb93ff/app.html]
[github.com/STRML/strml.net/blob/d395e7f6f050317d8d8d05e2e85782dc2500341a/app.html]
[github.com/STRML/strml.net/blob/12ec4a3cd79b1cd71cbacd047f2c4f5dcb74f6be/app.html]
[github.com/STRML/strml.net/blob/b032aabcd97811ab4377eb0af10eee278ba11578/app.html]
[github.com/STRML/strml.net/blob/256d0144f99e13b74cbfe27e8071ed62270ae7dd/app.html]
[github.com/STRML/strml.net/commits/master/app.html]
[github.com/STRML/strml.net/blob/5aae00b4c56baa8021580f896c2ca292cd28d867/app.html]
[github.com/join.html]
[github.com/login4c49.html]
[github.com/loginf87c.html]
[github.com/showcases.html]
[github.com/joinf87c.html]
[github.com/trending.html]
[github.com/showcases/fonts.html]
[github.com/showcases/software-development-tools.html]
[github.com/showcases/projects-that-power-github.html]
[github.com/showcases/front-end-javascript-frameworks.html]
[github.com/showcases/productivity-tools.html]
[github.com/showcases/devops-tools.html]
[github.com/showcases/text-editors.html]
[github.com/showcases/video-tools.html]
[github.com/explore33bd.html]
[github.com/explore7d61.html]
[github.com/exploreb277.html]
[assets-cdn.github.com/images/modules/explore/following_stars.v1.png]
[github.com/joinc046.html]
[github.com/loginc046.html]
[github.com/explore/subscribe.html]
[assets-cdn.github.com/assets/spinners/octocat-spinner-128-338974454bb5c32803e82f601beb051d373744b024fe8742a76009700fd7e033.gif]
[github.com/explore.html]
[github.com/login2a66.html]
[assets-cdn.github.com/images/modules/features/rails-rails-issues-three-shot@2x.png]
[github.com/rails/rails/issues.html]
[assets-cdn.github.com/images/modules/features/issue-labelled-three-shot@2x.png]
[assets-cdn.github.com/images/modules/features/label-editor-three-shot@2x.png]
[assets-cdn.github.com/images/modules/features/twbs-bootstrap-milestones-three-shot@2x.png]
[github.com/twbs/bootstrap/milestones.html]
[assets-cdn.github.com/images/modules/features/commit-issue-ref-three-shot@2x.png]
[assets-cdn.github.com/images/modules/features/jquery-jquery-pull-highlighted@2x.png]
[github.com/jquery/jquery/pull/1241.html]
[assets-cdn.github.com/images/modules/features/commit-comment-highlighted@2x.png]
[github.com/jquery/jquery/pull/1241/files.html]
[assets-cdn.github.com/images/modules/features/rails-rails-compare-view-highlighted@2x.png]
[github.com/rails/rails/compare/master@{1day}...html]
[assets-cdn.github.com/images/modules/features/team-mention-screenshot@2x.png]
[assets-cdn.github.com/images/icons/emoji/zap.png]
[assets-cdn.github.com/images/modules/features/autocomplete.png]
[github.com/benbalter/dc-maps/blob/master/embassies.html]
[assets-cdn.github.com/images/modules/features/geojson@2x.jpg]
[github.com/skalnik/octocat-sign/blob/master/stl/logo.html]
[assets-cdn.github.com/images/modules/features/3d-octocat@2x.jpg]
[assets-cdn.github.com/images/modules/features/desktop-button@2x.png]
[assets-cdn.github.com/images/modules/features/windows-client@2x5e1f.png]
[assets-cdn.github.com/images/modules/features/mac-client@2x5e1f.png]
[assets-cdn.github.com/images/modules/features/mobile-view@2x5e1f.png]
[github.com/integrations.html]
[assets-cdn.github.com/images/modules/features/svn-logo@2x.png]
[github.com/features.html]
[github.com/blog.atom]
[github.com/blog/all.atom]
[github.com/blog/broadcasts.atom]
[github.com/login4526.html]
[github.com/blog/category/all.html]
[github.com/blog/category/engineering.html]
[github.com/blog/category/ship.html]
[github.com/blog/category/enterprise.html]
[github.com/blog/category/conferences.html]
[github.com/blog/category/meetup.html]
[github.com/blog/category/watercooler.html]
[github.com/blog/category/hire.html]
[github.com/blog/subscribe.html]
[github.com/blog/2017-announcing-github-japan.html]
[github.com/dice.html]
[github.com/blog/category/general.html]
[github.com/rails/rails.html]
[github.com/blog/2018-atom-at-codeconf-2015.html]
[github.com/kelseyschimm.html]
[cloud.githubusercontent.com/assets/4154342/7970619/2b15c3e4-09f4-11e5-89e0-1affcfcf80ba.png]
[github.com/ruby/ruby.html]
[github.com/defunkt.html]
[github.com/bolinfest.html]
[github.com/lee-dohm.html]
[github.com/paulcbetts.html]
[github.com/nathansobo.html]
[github.com/blog/2014-filter-pull-requests-by-status.html]
[github.com/nakajima.html]
[github.com/blog/1866-the-new-github-issues.html]
[cloud.githubusercontent.com/assets/483/7819956/1422929e-039a-11e5-98d5-f273b9fe4472.gif]
[github.com/blog/2015-focus-on-your-changes-in-github-for-windows.html]
[github.com/niik.html]
[cloud.githubusercontent.com/assets/634063/7920112/0f2085a0-089d-11e5-804b-d42eff5b5987.png]
[cloud.githubusercontent.com/assets/634063/7920127/295d7c3e-089d-11e5-9209-8592a431a208.png]
[cloud.githubusercontent.com/assets/634063/7920242/011e3d8e-089e-11e5-972c-c9c5ca5ff386.png]
[cloud.githubusercontent.com/assets/634063/7920243/0122381c-089e-11e5-9d52-d82b168d49f4.png]
[github.com/blog/2016-support-lgbtq-tech-organizations-with-the-pridetocat-shirt.html]
[github.com/bfire.html]
[cloud.githubusercontent.com/assets/5945961/7922248/daa5a220-085f-11e5-88fa-308dfd374aea.jpg]
[github.com/blog/2010-diversity-partners-for-codeconf-2015.html]
[github.com/ciaramcguire.html]
[cloud.githubusercontent.com/assets/2394243/7819632/f46ca1c4-03da-11e5-9851-8a77ad6ca5a3.jpg]
[github.com/blog/2011-transforming-the-future-of-nasa-with-codeconf-s-ariel-waldman.html]
[cloud.githubusercontent.com/assets/4154342/7820484/84684f82-039d-11e5-93ef-3a6b726df867.jpg]
[github.com/blog/2007-adding-a-billing-manager-to-your-organization.html]
[github.com/shayfrendt.html]
[cloud.githubusercontent.com/assets/1153134/7747339/35f197fa-ffec-11e4-8123-bb546429f5b6.png]
[github.com/blog/2006-codeconf-2015-speakers-workshops-and-hotel-discount.html]
[github.com/blog/2005-celebrate-pride-with-github.html]
[github.com/blog/2002-github-enterprise-now-on-aws-govcloud.html]
[github.com/benbalter.html]
[github.com/ngageoint/geoq.html]
[github.com/blog/2004-new-atom-shirt-in-the-shop.html]
[github.com/benogle.html]
[cloud.githubusercontent.com/assets/69169/7661190/60a6a044-fb05-11e4-8674-bf31d9f8b66f.jpg]
[cloud.githubusercontent.com/assets/69169/7662714/ed9c25a0-fb14-11e4-8a04-4036537be4d7.jpg]
[github.com/blog/2003-the-github-engineering-blog.html]
[github.com/samlambert.html]
[github.com/blog/2001-git-merge-2015-session-videos-now-available.html]
[cloud.githubusercontent.com/assets/4154342/7592769/2249c484-f88a-11e4-8003-062c95757f19.jpg]
[github.com/blog/2000-new-octicons-shirt-in-the-shop.html]
[cloud.githubusercontent.com/assets/5945961/7591981/c4c43b0e-f885-11e4-98c3-0727e4f9397f.jpg]
[github.com/blog4658.html]
[github.com/blog9ba9.html]
[github.com/blogfdb0.html]
[github.com/blogaf4d.html]
[github.com/blogf497.html]
[github.com/blog.html]
[github.com/blog763c.html]
[github.com/password_reset.html]
[github.com/loginf64c.html]
[github.com/loginc2db.html]
[github.com/about/press.html]
[github.com/about/team.html]
[github.com/about/jobs.html]
[github.com/features/index.html]
[github.com/mojombo.html]
[github.com/about.html]
[github.com/pjhyett.html]
[github.com/login454a.html]
[github.com/STRML/strml.html]
[github.com/STRML.html]
[github.com/STRML/strml.net/issues.html]
[assets-cdn.github.com/images/modules/contact/heartocat.png]
[github.com/contact.html]
[github.com/loginb357.html]
[github.com/STRML/strml.net/blob/b14467731f55f16bf77cc20afdfccdf393e746c5/raw!/prestyles.102.delayed]
[raw.githubusercontent.com/STRML/strml.net/b14467731f55f16bf77cc20afdfccdf393e746c5/app.js]
[github.com/STRML/strml.net/blame/b14467731f55f16bf77cc20afdfccdf393e746c5/app.html]
[github.com/logind070.html]
[github.com/login9bb8.html]
[github.com/STRML/strml.net/commits/b14467731f55f16bf77cc20afdfccdf393e746c5/app.html]
[github.com/STRML/strml.net/blob/master/raw!/prestyles.html]
[github.com/logincfaf.html]
[github.com/logind353.html]
[github.com/STRML/strml.net/commits/master/appb4b2.html]
[github.com/STRML/strml.net/commits/b14467731f55f16bf77cc20afdfccdf393e746c5/appb4b2.html]
[github.com/login3de5.html]
[raw.githubusercontent.com/STRML/strml.net/15d93ad3ee92acb186a46baf6adff0188a13d6ab/app.js]
[github.com/STRML/strml.net/blame/15d93ad3ee92acb186a46baf6adff0188a13d6ab/app.html]
[github.com/STRML/strml.net/blob/15d93ad3ee92acb186a46baf6adff0188a13d6ab/app.html]
[github.com/STRML/strml.net/commits/15d93ad3ee92acb186a46baf6adff0188a13d6ab/app.html]
[github.com/login0e9a.html]
[github.com/STRML/strml.net/contributors/4219b3971106fc819afd5708fb4fe27ccf934c15/app.html]
[assets-cdn.github.com/assets/spinners/octocat-spinner-32-EAF2F5-0bdc57d34b85c4a4de9d0d1db10cd70e8a95f33ff4f46c5a8c48b4bf4e5a9abe.gif]
[raw.githubusercontent.com/STRML/strml.net/4219b3971106fc819afd5708fb4fe27ccf934c15/app.js]
[github.com/STRML/strml.net/blame/4219b3971106fc819afd5708fb4fe27ccf934c15/app.html]
[github.com/STRML/strml.net/blob/4219b3971106fc819afd5708fb4fe27ccf934c15/app.html]
[github.com/STRML/strml.net/commits/4219b3971106fc819afd5708fb4fe27ccf934c15/app.html]
[github.com/loginf53f.html]
[github.com/STRML/strml.net/contributors/0552d89a0cf07654fcd323792288156b20e512a7/app.html]
[raw.githubusercontent.com/STRML/strml.net/0552d89a0cf07654fcd323792288156b20e512a7/app.js]
[github.com/STRML/strml.net/blob/0552d89a0cf07654fcd323792288156b20e512a7/app.html]
[github.com/STRML/strml.net/blame/0552d89a0cf07654fcd323792288156b20e512a7/app.html]
[github.com/STRML/strml.net/commits/0552d89a0cf07654fcd323792288156b20e512a7/app.html]
[github.com/login6c81.html]
[github.com/STRML/strml.net/contributors/50b1cf37dfaffebaafe00e2417a2d4e32da732d2/app.html]
[raw.githubusercontent.com/STRML/strml.net/50b1cf37dfaffebaafe00e2417a2d4e32da732d2/app.js]
[github.com/STRML/strml.net/blob/50b1cf37dfaffebaafe00e2417a2d4e32da732d2/app.html]
[github.com/STRML/strml.net/blame/50b1cf37dfaffebaafe00e2417a2d4e32da732d2/app.html]
[github.com/STRML/strml.net/commits/50b1cf37dfaffebaafe00e2417a2d4e32da732d2/app.html]
[github.com/login1403.html]
[github.com/STRML/strml.net/contributors/7250fd48517e9b654f36985bd1a29211e1c9d371/app.html]
[raw.githubusercontent.com/STRML/strml.net/7250fd48517e9b654f36985bd1a29211e1c9d371/app.js]
[github.com/STRML/strml.net/blame/7250fd48517e9b654f36985bd1a29211e1c9d371/app.html]
[github.com/STRML/strml.net/blob/7250fd48517e9b654f36985bd1a29211e1c9d371/app.html]
[github.com/STRML/strml.net/commits/7250fd48517e9b654f36985bd1a29211e1c9d371/app.html]
[github.com/login5ca1.html]
[github.com/STRML/strml.net/contributors/9004795f35f41b6cda061a643cc0ef32dee281b9/app.html]
[raw.githubusercontent.com/STRML/strml.net/9004795f35f41b6cda061a643cc0ef32dee281b9/app.js]
[github.com/STRML/strml.net/blob/9004795f35f41b6cda061a643cc0ef32dee281b9/app.html]
[github.com/STRML/strml.net/commits/9004795f35f41b6cda061a643cc0ef32dee281b9/app.html]
[github.com/login4704.html]
[github.com/STRML/strml.net/contributors/3f1a7b2aaa6181270b951ce31b277564e4eb93ff/app.html]
[github.com/STRML/strml.net/blame/9004795f35f41b6cda061a643cc0ef32dee281b9/app.html]
[raw.githubusercontent.com/STRML/strml.net/3f1a7b2aaa6181270b951ce31b277564e4eb93ff/app.js]
[github.com/STRML/strml.net/blob/3f1a7b2aaa6181270b951ce31b277564e4eb93ff/app.html]
[github.com/STRML/strml.net/commits/3f1a7b2aaa6181270b951ce31b277564e4eb93ff/app.html]
[github.com/STRML/strml.net/blame/3f1a7b2aaa6181270b951ce31b277564e4eb93ff/app.html]
[github.com/logine131.html]
[github.com/STRML/strml.net/contributors/d395e7f6f050317d8d8d05e2e85782dc2500341a/app.html]
[raw.githubusercontent.com/STRML/strml.net/d395e7f6f050317d8d8d05e2e85782dc2500341a/app.js]
[github.com/STRML/strml.net/blob/d395e7f6f050317d8d8d05e2e85782dc2500341a/app.html]
[github.com/STRML/strml.net/commits/d395e7f6f050317d8d8d05e2e85782dc2500341a/app.html]
[github.com/STRML/strml.net/blame/d395e7f6f050317d8d8d05e2e85782dc2500341a/app.html]
[github.com/logincf6f.html]
[github.com/STRML/strml.net/contributors/12ec4a3cd79b1cd71cbacd047f2c4f5dcb74f6be/app.html]
[raw.githubusercontent.com/STRML/strml.net/12ec4a3cd79b1cd71cbacd047f2c4f5dcb74f6be/app.js]
[github.com/STRML/strml.net/blame/12ec4a3cd79b1cd71cbacd047f2c4f5dcb74f6be/app.html]
[github.com/STRML/strml.net/blob/12ec4a3cd79b1cd71cbacd047f2c4f5dcb74f6be/app.html]
[github.com/STRML/strml.net/commits/12ec4a3cd79b1cd71cbacd047f2c4f5dcb74f6be/app.html]
[github.com/loginde15.html]
[github.com/STRML/strml.net/contributors/b032aabcd97811ab4377eb0af10eee278ba11578/app.html]
[raw.githubusercontent.com/STRML/strml.net/b032aabcd97811ab4377eb0af10eee278ba11578/app.js]
[github.com/STRML/strml.net/blame/b032aabcd97811ab4377eb0af10eee278ba11578/app.html]
[github.com/STRML/strml.net/blob/b032aabcd97811ab4377eb0af10eee278ba11578/app.html]
[github.com/STRML/strml.net/commits/b032aabcd97811ab4377eb0af10eee278ba11578/app.html]
[github.com/login3b8a.html]
[github.com/STRML/strml.net/contributors/256d0144f99e13b74cbfe27e8071ed62270ae7dd/app.html]
[raw.githubusercontent.com/STRML/strml.net/256d0144f99e13b74cbfe27e8071ed62270ae7dd/app.js]
[github.com/STRML/strml.net/blame/256d0144f99e13b74cbfe27e8071ed62270ae7dd/app.html]
[github.com/STRML/strml.net/blob/256d0144f99e13b74cbfe27e8071ed62270ae7dd/app.html]
[github.com/STRML/strml.net/commits/256d0144f99e13b74cbfe27e8071ed62270ae7dd/app.html]
[github.com/login87f6.html]
[github.com/STRML/strml.net/contributors/5aae00b4c56baa8021580f896c2ca292cd28d867/app.html]
[raw.githubusercontent.com/STRML/strml.net/5aae00b4c56baa8021580f896c2ca292cd28d867/app.js]
[github.com/STRML/strml.net/blame/5aae00b4c56baa8021580f896c2ca292cd28d867/app.html]
[github.com/STRML/strml.net/blob/5aae00b4c56baa8021580f896c2ca292cd28d867/app.html]
[github.com/login4c49.html]
[github.com/loginf87c.html]
[github.com/STRML/strml.net/commits/5aae00b4c56baa8021580f896c2ca292cd28d867/app.html]
[github.com/showcases2ef7.atom]
[github.com/login3abf.html]
[github.com/join3abf.html]
[github.com/showcases/machine-learning.html]
[github.com/showcases/programming-languages.html]
[github.com/showcases/web-games.html]
[github.com/showcases/made-in-africa.html]
[github.com/showcases/projects-that-power-github-for-mac.html]
[github.com/showcases/clean-code-linters.html]
[github.com/showcases/javascript-game-engines.html]
[github.com/showcases/game-off-winners.html]
[github.com/showcases/data-visualization.html]
[github.com/showcases/game-engines.html]
[github.com/showcases/open-source-operating-systems.html]
[github.com/showcases/design-essentials.html]
[github.com/showcases.atom]
[github.com/showcases.html]
[github.com/showcases4658.html]
[github.com/loginfc99.html]
[github.com/joinfc99.html]
[github.com/trending33bd.html]
[github.com/trending7d61.html]
[github.com/trendingb277.html]
[github.com/login536e.html]
[github.com/trending/developers.html]
[github.com/tmux/tmux/graphs/contributors.html]
[github.com/logincbfc.html]
[github.com/tmux/tmux.html]
[github.com/loadfive/Knwl.html]
[github.com/loadfive/Knwl.js/graphs/contributors.html]
[github.com/login2aad.html]
[github.com/cockroachdb/cockroach.html]
[github.com/cockroachdb/cockroach/graphs/contributors.html]
[github.com/login3f94.html]
[github.com/Rossem/RedditStorage.html]
[github.com/Rossem/RedditStorage/graphs/contributors.html]
[github.com/login20a9.html]
[github.com/iamdaiyuan/ios_top_1000.html]
[github.com/iamdaiyuan/ios_top_1000/graphs/contributors.html]
[github.com/loginf8c0.html]
[github.com/Flipboard/bottomsheet.html]
[github.com/Flipboard/bottomsheet/graphs/contributors.html]
[github.com/logincc1f.html]
[github.com/airbnb/aerosolve.html]
[github.com/airbnb/aerosolve/graphs/contributors.html]
[github.com/logina141.html]
[github.com/s16h/py-must-watch.html]
[github.com/s16h/py-must-watch/graphs/contributors.html]
[github.com/login4687.html]
[github.com/sindresorhus/awesome/graphs/contributors.html]
[github.com/sindresorhus/awesome.html]
[github.com/login55de.html]
[github.com/horst3180/Arc-theme.html]
[github.com/horst3180/Arc-theme/graphs/contributors.html]
[github.com/logind7f3.html]
[github.com/square/Valet.html]
[github.com/square/Valet/graphs/contributors.html]
[github.com/logina279.html]
[github.com/bpampuch/pdfmake.html]
[github.com/bpampuch/pdfmake/graphs/contributors.html]
[github.com/loginf381.html]
[github.com/airbnb/javascript.html]
[github.com/airbnb/javascript/graphs/contributors.html]
[github.com/loginbdd9.html]
[github.com/equinusocio/material-theme.html]
[github.com/equinusocio/material-theme/graphs/contributors.html]
[github.com/login6b66.html]
[github.com/RocketChat/Rocket.html]
[github.com/RocketChat/Rocket.Chat/graphs/contributors.html]
[github.com/login5c33.html]
[github.com/chrisbanes/cheesesquare.html]
[github.com/chrisbanes/cheesesquare/graphs/contributors.html]
[github.com/login7b61.html]
[github.com/samyk/opensesame.html]
[github.com/samyk/opensesame/graphs/contributors.html]
[github.com/loginf6ea.html]
[github.com/airbnb/airflow.html]
[github.com/login258e.html]
[github.com/airbnb/airflow/graphs/contributors.html]
[github.com/PavelKatunin/DownloadButton.html]
[github.com/PavelKatunin/DownloadButton/graphs/contributors.html]
[github.com/login0f76.html]
[github.com/jariz/vibrant.html]
[github.com/jariz/vibrant.js/graphs/contributors.html]
[github.com/login9d09.html]
[github.com/wiire/pixiewps.html]
[github.com/wiire/pixiewps/graphs/contributors.html]
[github.com/login4dac.html]
[github.com/cjb/GitTorrent.html]
[github.com/cjb/GitTorrent/graphs/contributors.html]
[github.com/login2d17.html]
[github.com/Itseez/opencv.html]
[github.com/Itseez/opencv/graphs/contributors.html]
[github.com/login77cb.html]
[github.com/mateogianolio/mlp-character-recognition.html]
[github.com/login3aaa.html]
[github.com/mateogianolio/mlp-character-recognition/graphs/contributors.html]
[github.com/gontovnik/DGActivityIndicatorView.html]
[github.com/gontovnik/DGActivityIndicatorView/graphs/contributors.html]
[github.com/trendinge631.html]
[github.com/trending0d4e.html]
[github.com/trendingefff.html]
[github.com/trendinge530.html]
[github.com/trendingd9f4.html]
[github.com/trendingfc2f.html]
[github.com/trending31f4.html]
[github.com/trendingcdca.html]
[github.com/trendingbedc.html]
[github.com/trendingef31.html]
[github.com/trending1d8a.html]
[github.com/trendingc891.html]
[github.com/trending4def.html]
[github.com/trendingc73c.html]
[github.com/trendingc719.html]
[github.com/trending5319.html]
[github.com/trending7a60.html]
[github.com/trending48c3.html]
[github.com/trendingd734.html]
[github.com/trending6e9e.html]
[github.com/trending3350.html]
[github.com/trending28dd.html]
[github.com/trendingcaa8.html]
[github.com/trending023a.html]
[github.com/trending4c16.html]
[github.com/trendingaf2d.html]
[github.com/trending2fc1.html]
[github.com/trending7ace.html]
[github.com/trending8d19.html]
[github.com/trendinge783.html]
[github.com/trending722d.html]
[github.com/trending4e51.html]
[github.com/trendingea43.html]
[github.com/trending52db.html]
[github.com/trending7b67.html]
[github.com/trending33e7.html]
[github.com/trendingfb69.html]
[github.com/trendingefee.html]
[github.com/trending5bf0.html]
[github.com/trendingb9cd.html]
[github.com/trending7ac0.html]
[github.com/trending6456.html]
[github.com/trending80af.html]
[github.com/trending6335.html]
[github.com/trending95f1.html]
[github.com/trending7bd6.html]
[github.com/trending40fd.html]
[github.com/trending7964.html]
[github.com/trendinga7a8.html]
[github.com/trending9308.html]
[github.com/trending5dfc.html]
[github.com/trending6594.html]
[github.com/trendinga723.html]
[github.com/trending58d4.html]
[github.com/trending14b9.html]
[github.com/trendingffcb.html]
[github.com/trending2415.html]
[github.com/trending1fa7.html]
[github.com/trending8a8e.html]
[github.com/trending364e.html]
[github.com/trendingd720.html]
[github.com/trendingcbe5.html]
[github.com/trendingcf3d.html]
[github.com/trendingce26.html]
[github.com/trending6d9b.html]
[github.com/trending1d70.html]
[github.com/trending959a.html]
[github.com/trending3ba3.html]
[github.com/trendingc280.html]
[github.com/trending97ed.html]
[github.com/trendingd605.html]
[github.com/trending72ca.html]
[github.com/trending069d.html]
[github.com/trending3f8f.html]
[github.com/trending62f5.html]
[github.com/trending124c.html]
[github.com/trending09c4.html]
[github.com/trending4190.html]
[github.com/trending3d6d.html]
[github.com/trendinge2d9.html]
[github.com/trending5e54.html]
[github.com/trendingfbe0.html]
[github.com/trending4b77.html]
[github.com/trendingdeda.html]
[github.com/trendinge31e.html]
[github.com/trending13ee.html]
[github.com/trending57db.html]
[github.com/trending6353.html]
[github.com/trending3728.html]
[github.com/trending1941.html]
[github.com/trendingcb07.html]
[github.com/trending6621.html]
[github.com/trending55eb.html]
[github.com/trendingec6e.html]
[github.com/trendingf5b8.html]
[github.com/trendinga1f3.html]
[github.com/trendinga7d8.html]
[github.com/trending52dc.html]
[github.com/trending73ce.html]
[github.com/trendingf825.html]
[github.com/trending9246.html]
[github.com/trending9964.html]
[github.com/trending88de.html]
[github.com/trendingcc1f.html]
[github.com/trendingc5d2.html]
[github.com/trendingf89d.html]
[github.com/trendinga904.html]
[github.com/trendingb49b.html]
[github.com/trendingec06.html]
[github.com/trending5aa5.html]
[github.com/trending0978.html]
[github.com/trendinga896.html]
[github.com/trending8d7c.html]
[github.com/trending565b.html]
[github.com/trending72d8.html]
[github.com/trending870a.html]
[github.com/trending8c30.html]
[github.com/trendingbbc5.html]
[github.com/trendingcc85.html]
[github.com/trending7cf7.html]
[github.com/trendingf0a6.html]
[github.com/trendingf86a.html]
[github.com/trendingf657.html]
[github.com/trending4f96.html]
[github.com/trending49b5.html]
[github.com/trendingb2c2.html]
[github.com/trendingcc3b.html]
[github.com/trending960b.html]
[github.com/trendinga6c1.html]
[github.com/trending4784.html]
[github.com/trendingb1d3.html]
[github.com/trending1dd6.html]
[github.com/trending7a50.html]
[github.com/trendingb15c.html]
[github.com/trending5365.html]
[github.com/trendingf921.html]
[github.com/trendingbe29.html]
[github.com/trending585b.html]
[github.com/trending6e04.html]
[github.com/trendinge47e.html]
[github.com/trending37d8.html]
[github.com/trending9c20.html]
[github.com/trending4d0d.html]
[github.com/trending3c0e.html]
[github.com/trending91aa.html]
[github.com/trending4e0f.html]
[github.com/trending1a4c.html]
[github.com/trending23e7.html]
[github.com/trendinga0e1.html]
[github.com/trending4090.html]
[github.com/trending5d2a.html]
[github.com/trending638e.html]
[github.com/trending319a.html]
[github.com/trending4462.html]
[github.com/trendingec74.html]
[github.com/trending652f.html]
[github.com/trending39cf.html]
[github.com/trendingca31.html]
[github.com/trending659c.html]
[github.com/trending0762.html]
[github.com/trending784e.html]
[github.com/trending1a0b.html]
[github.com/trendingdb07.html]
[github.com/trending390b.html]
[github.com/trendingdd4a.html]
[github.com/trending2d2d.html]
[github.com/trending761e.html]
[github.com/trendinga48f.html]
[github.com/trending57eb.html]
[github.com/trendingf140.html]
[github.com/trending551f.html]
[github.com/trendingcf97.html]
[github.com/trending2bdb.html]
[github.com/trendingd9c4.html]
[github.com/trendingbc3b.html]
[github.com/trendinga336.html]
[github.com/trending090c.html]
[github.com/trending1aa3.html]
[github.com/trendingdb9f.html]
[github.com/trendingc434.html]
[github.com/trending04e1.html]
[github.com/trendingd11c.html]
[github.com/trending1c86.html]
[github.com/trending1f0c.html]
[github.com/trending5c1e.html]
[github.com/trendingde47.html]
[github.com/trending4878.html]
[github.com/trending9523.html]
[github.com/trending515e.html]
[github.com/trendingbad8.html]
[github.com/trendingcb0c.html]
[github.com/trending926f.html]
[github.com/trending9028.html]
[github.com/trending4b93.html]
[github.com/trending1b95.html]
[github.com/trending5bcc.html]
[github.com/trendinge0bc.html]
[github.com/trending60af.html]
[github.com/trending3fa9.html]
[github.com/trendinga433.html]
[github.com/trending5ea7.html]
[github.com/trending30fb.html]
[github.com/trending32ad.html]
[github.com/trending5bd2.html]
[github.com/trending5a56.html]
[github.com/trendingc488.html]
[github.com/trendinga121.html]
[github.com/trendingdca2.html]
[github.com/trendingd288.html]
[github.com/trendingb2f0.html]
[github.com/trending0a11.html]
[github.com/trending14d4.html]
[github.com/trendingd862.html]
[github.com/trendingb95b.html]
[github.com/trendingdc03.html]
[github.com/trending31d2.html]
[github.com/trending980a.html]
[github.com/trending4cae.html]
[github.com/trending87b5.html]
[github.com/trending7a97.html]
[github.com/trending0427.html]
[github.com/trending08cd.html]
[github.com/trending9910.html]
[github.com/trendingdbb9.html]
[github.com/trendinged1a.html]
[github.com/trending65e1.html]
[github.com/trending476e.html]
[github.com/trending5533.html]
[github.com/trending6572.html]
[github.com/trending220d.html]
[github.com/trending9dbb.html]
[github.com/trending3698.html]
[github.com/trending0d29.html]
[github.com/trending9236.html]
[github.com/trending47ea.html]
[github.com/trending33e0.html]
[github.com/trending464b.html]
[github.com/trending5787.html]
[github.com/trending2d97.html]
[github.com/trending0b2d.html]
[github.com/trendingfb3b.html]
[github.com/trending7f85.html]
[github.com/trending1816.html]
[github.com/trending48ef.html]
[github.com/trending8d46.html]
[github.com/trending74cb.html]
[github.com/trendingc581.html]
[github.com/trending10af.html]
[github.com/trendingfdf9.html]
[github.com/trending6c83.html]
[github.com/trendinged85.html]
[github.com/trendingb411.html]
[github.com/trending2265.html]
[github.com/trending7a3b.html]
[github.com/trendingd76d.html]
[github.com/trending2295.html]
[github.com/trending743b.html]
[github.com/trendinge6ee.html]
[github.com/trending7f8e.html]
[github.com/trending360a.html]
[github.com/trending826c.html]
[github.com/trending2662.html]
[github.com/trending8e6c.html]
[github.com/trendingf56d.html]
[github.com/trending91ed.html]
[github.com/trending4429.html]
[github.com/trendinga0c0.html]
[github.com/trendinge10d.html]
[github.com/trending874b.html]
[github.com/trending59fa.html]
[github.com/trending5821.html]
[github.com/trending35cc.html]
[github.com/trending9856.html]
[github.com/trending5e1e.html]
[github.com/trending2ca2.html]
[github.com/trendinga08f.html]
[github.com/trending603d.html]
[github.com/trending8730.html]
[github.com/trending3965.html]
[github.com/trending1606.html]
[github.com/trending.html]
[github.com/joinf87c.html]
[github.com/search36b8.html]
[github.com/showcases/icon-fonts.html]
[github.com/showcases/fonts6c7d.html]
[github.com/showcases/fonts.html]
[github.com/showcases/fontse1f7.html]
[github.com/showcases/fonts5665.html]
[github.com/showcases/software-development-tools6c7d.html]
[github.com/showcases/software-development-tools.html]
[github.com/showcases/software-development-toolse1f7.html]
[github.com/showcases/software-development-tools5665.html]
[github.com/showcases/projects-that-power-github6c7d.html]
[github.com/showcases/projects-that-power-github5665.html]
[github.com/showcases/projects-that-power-githube1f7.html]
[assets-cdn.github.com/images/icons/emoji/unicode/2728.png]
[assets-cdn.github.com/images/icons/emoji/unicode/1f420.png]
[assets-cdn.github.com/images/icons/emoji/unicode/1f609.png]
[assets-cdn.github.com/images/icons/emoji/unicode/1f6a2.png]
[assets-cdn.github.com/images/icons/emoji/shipit.png]
[assets-cdn.github.com/images/icons/emoji/unicode/1f496.png]
[assets-cdn.github.com/images/icons/emoji/unicode/1f3eb.png]
[github.com/showcases/music.html]
[github.com/showcases/projects-that-power-github.html]
[github.com/showcases/projects-that-power-github-for-windows.html]
[github.com/showcases/front-end-javascript-frameworks6c7d.html]
[github.com/showcases/front-end-javascript-frameworks5665.html]
[github.com/showcases/front-end-javascript-frameworkse1f7.html]
[github.com/showcases/front-end-javascript-frameworks.html]
[github.com/angular/angular.html]
[github.com/emberjs/ember.html]
[github.com/showcases/productivity-tools6c7d.html]
[github.com/showcases/productivity-tools5665.html]
[github.com/showcases/productivity-toolse1f7.html]
[assets-cdn.github.com/images/icons/emoji/unicode/1f48c.png]
[assets-cdn.github.com/images/icons/emoji/unicode/1f37a.png]
[github.com/showcases/productivity-tools.html]
[github.com/showcases/devops-tools6c7d.html]
[github.com/showcases/devops-toolse1f7.html]
[github.com/showcases/devops-tools5665.html]
[github.com/showcases/devops-tools.html]
[github.com/showcases/security.html]
[github.com/showcases/text-editors6c7d.html]
[github.com/showcases/text-editors5665.html]
[github.com/showcases/text-editorse1f7.html]
[github.com/coolwanglu/vim.html]
[github.com/showcases/text-editors.html]
[github.com/showcases/package-managers.html]
[github.com/showcases/video-tools6c7d.html]
[github.com/showcases/video-tools5665.html]
[github.com/showcases/video-toolse1f7.html]
[github.com/showcases/video-tools.html]
[github.com/videojs/video.html]
[github.com/login1d81.html]
[github.com/join1d81.html]
[github.com/tmux.html]
[github.com/cockroachdb.html]
[github.com/loadfive.html]
[github.com/Rossem.html]
[github.com/explore33bd.html]
[github.com/airbnb.html]
[github.com/iamdaiyuan.html]
[github.com/logina4d4.html]
[github.com/explore7d61.html]
[github.com/joina4d4.html]
[github.com/login2a08.html]
[github.com/join2a08.html]
[github.com/sindresorhus.html]
[github.com/typicode.html]
[github.com/typicode/json-server.html]
[github.com/square.html]
[github.com/nagadomi.html]
[github.com/jariz.html]
[github.com/exploreb277.html]
[github.com/joinc046.html]
[github.com/loginc046.html]
[github.com/cjb.html]
[github.com/square/leakcanary.html]
[github.com/nagadomi/waifu2x.html]
[assets-cdn.github.com/images/modules/explore/gh-explore-weekly-v2.png]
[github.com/explore/subscribe.html]
[github.com/login2a66.html]
[github.com/rails/rails/commits/master.atom]
[github.com/rails/rails/watchers.html]
[github.com/rails/rails/stargazers.html]
[github.com/rails/rails/network.html]
[github.com/rails/rails/pulls.html]
[github.com/rails/rails/pulse.html]
[github.com/rails/rails/graphs/contributors.html]
[github.com/rails/rails/issuesa141.html]
[github.com/rails/rails/pullse309.html]
[github.com/rails/rails/labels.html]
[github.com/rails/rails/milestones.html]
[github.com/rails/rails/issues6d1a.html]
[github.com/rails/rails/issues475a.html]
[github.com/rails/rails/issues48f3.html]
[github.com/rails/rails/issuesd757.html]
[github.com/rails/rails/issues740a.html]
[github.com/rails/rails/issues29b8.html]
[github.com/rails/rails/issuesef04.html]
[github.com/rails/rails/issues/20441.html]
[github.com/rails/rails/labels/activerecord.348.delayed]
[github.com/rails/rails/issues/created_by/daniel-rikowski.html]
[github.com/rails/rails/milestones/5.0.34b.delayed]
[github.com/rails/rails/issuesb363.html]
[github.com/rails/rails/issues/20436.html]
[github.com/rails/rails/issues/created_by/spark008.html]
[github.com/rails/rails/issues/20434.html]
[github.com/rails/rails/issues/created_by/rousisk.html]
[github.com/rails/rails/issues/20426.html]
[github.com/rails/rails/issues/created_by/kpricorn.html]
[github.com/rails/rails/issues/20424.html]
[github.com/rails/rails/issues/created_by/nagyt234.html]
[github.com/rails/rails/issues/created_by/pivotal-tabernash.html]
[github.com/rails/rails/issues/20419.html]
[github.com/rails/rails/issues/20418.html]
[github.com/rails/rails/issues/created_by/klgilbert.html]
[github.com/rails/rails/issues/20416.html]
[github.com/rails/rails/issues7dad.html]
[github.com/rails/rails/labels/activesupport.362.delayed]
[github.com/rails/rails/issues/created_by/kenn.html]
[github.com/rails/rails/issues/20411.html]
[github.com/rails/rails/issues/created_by/christopher-b.html]
[github.com/rails/rails/issues/20400.html]
[github.com/rails/rails/labels/docs.36a.delayed]
[github.com/rails/rails/issues/created_by/collimarco.html]
[github.com/rails/rails/issues/20361.html]
[github.com/rails/rails/labels/actionview.36f.delayed]
[github.com/rails/rails/issuesfcd4.html]
[github.com/rails/rails/issues/created_by/dhh.html]
[github.com/rails/rails/issues/20353.html]
[github.com/rails/rails/labels/actionpack.375.delayed]
[github.com/rails/rails/issues/created_by/sethvargo.html]
[github.com/rails/rails/issues/20345.html]
[github.com/rails/rails/issues/created_by/radar.html]
[github.com/rails/rails/issues/20342.html]
[github.com/rails/rails/labels/needs feedback.37d.delayed]
[github.com/rails/rails/issues/20340.html]
[github.com/rails/rails/issues/created_by/modosc.html]
[github.com/rails/rails/issues/created_by/dreyks.html]
[github.com/rails/rails/issues/20338.html]
[github.com/rails/rails/issues/20333.html]
[github.com/rails/rails/issues/created_by/fivedigit.html]
[github.com/rails/rails/issues/20312.html]
[github.com/rails/rails/issues/20311.html]
[github.com/rails/rails/issues/created_by/aruprakshit.html]
[github.com/rails/rails/issues/created_by/nyarly.html]
[github.com/rails/rails/issues/20308.html]
[github.com/rails/rails/labels/release blocker.38f.delayed]
[github.com/rails/rails/issues/created_by/sgrif.html]
[github.com/rails/rails/issues/20287.html]
[github.com/rails/rails/issues/created_by/EddieDow.html]
[github.com/rails/rails/issues/20266.html]
[github.com/rails/rails/issues/created_by/meltingice.html]
[github.com/rails/rails/issues/20264.html]
[github.com/rails/rails/issues/created_by/mrnugget.html]
[github.com/rails/rails/issues/20253.html]
[github.com/rails/rails/labels/regression.39d.delayed]
[github.com/rails/rails/issues/created_by/amatsuda.html]
[github.com/rails/rails/issues/20249.html]
[github.com/rails/rails/issues/created_by/jdanielnd.html]
[github.com/rails/rails/issuesf9d5.html]
[github.com/rails/rails/issues091a.html]
[github.com/rails/rails/issues75e6.html]
[github.com/rails/rails/issues7fd6.html]
[github.com/rails/rails/issues.html]
[github.com/rails/rails/issuesaa64.html]
[github.com/rails/rails/issuesf097.html]
[github.com/twbs/bootstrap/commits/master.atom]
[github.com/twbs/bootstrap/watchers.html]
[github.com/twbs/bootstrap/stargazers.html]
[github.com/twbs/bootstrap/network.html]
[github.com/twbs/bootstrap/issues.html]
[github.com/twbs/bootstrap/pulls.html]
[github.com/twbs/bootstrap/pulse.html]
[github.com/twbs/bootstrap/graphs/contributors.html]
[github.com/twbs/bootstrap/issuesa141.html]
[github.com/twbs/bootstrap/pullse309.html]
[github.com/twbs/bootstrap/labels.html]
[github.com/twbs/bootstrap/milestones4853.html]
[github.com/twbs/bootstrap/milestones20b4.html]
[github.com/twbs/bootstrap/milestones8436.html]
[github.com/twbs/bootstrap/milestones5072.html]
[github.com/twbs/bootstrap/milestones5a61.html]
[github.com/twbs/bootstrap/milestonesa914.html]
[github.com/twbs/bootstrap/milestones8591.html]
[github.com/twbs/bootstrap/milestones8369.html]
[github.com/twbs/bootstrap/milestones/v3.3.3bf.delayed]
[github.com/twbs/bootstrap/milestones.html]
[github.com/jquery/jquery/pull/1241/commits.html]
[github.com/jquery/jquery/pull/new/src/css.3c4.delayed]
[github.com/jquery/jquery/pull/new/src/support.3c6.delayed]
[github.com/jquery/jquery/pull/new/test/unit/css.3c8.delayed]
[github.com/jquery/jquery/pull/1241/filesab96.html]
[github.com/jquery/jquery/pull/1241/files5998.html]
[github.com/jquery/jquery/blob/c1e856fef15f10777bc8bd5da1fefa0aa968992a/src/css.html]
[github.com/jquery/jquery/blob/c1e856fef15f10777bc8bd5da1fefa0aa968992a/src/support.html]
[github.com/jquery/jquery/pull/1241.html]
[github.com/jquery/jquery/blob/c1e856fef15f10777bc8bd5da1fefa0aa968992a/test/unit/css.html]
[github.com/jquery/jquery/pull/new/1241/src/css.3d0.delayed]
[github.com/jquery/jquery/pull/new/1241/src/support.3d2.delayed]
[github.com/jquery/jquery/pull/new/1241/test/unit/css.3d4.delayed]
[github.com/jquery/jquery/pull/1241/files.html]
[github.com/rails/rails/compare/master@{1day}...master.diff]
[github.com/rails/rails/compare/master@{1day}...master.patch]
[github.com/rails/rails/compare/rails_7220ffc...html]
[github.com/rails/rails/compare/rails_master@{1day}...html]
[github.com/rails/rails/compare/2-2-stable...html]
[github.com/rails/rails/compare/1-2-stable...html]
[github.com/rails/rails/compare/2-0-stable...html]
[github.com/rails/rails/compare/2-1-stable...html]
[github.com/rails/rails/compare/2-3-stable...html]
[github.com/rails/rails/compare/3-0-test-i18n...html]
[github.com/rails/rails/compare/3-0-stable...html]
[github.com/rails/rails/compare/3-1-stable...html]
